MSBuild version 17.8.49+7806cbf7b for .NET
  Determining projects to restore...
  All projects are up-to-date for restore.
  SharedKernel -> D:\Projects\EcommerceSystem\src\SharedKernel\bin\Debug\net8.0\SharedKernel.dll
  Product.Domain -> D:\Projects\EcommerceSystem\src\Services\Product\Product.Domain\bin\Debug\net8.0\Product.Domain.dll
  Payment.Domain -> D:\Projects\EcommerceSystem\src\Services\Payment\Payment.Domain\bin\Debug\net8.0\Payment.Domain.dll
  Inventory.Domain -> D:\Projects\EcommerceSystem\src\Services\Inventory\Inventory.Domain\bin\Debug\net8.0\Inventory.Domain.dll
  Identity.Domain -> D:\Projects\EcommerceSystem\src\Services\Identity\Identity.Domain\bin\Debug\net8.0\Identity.Domain.dll
  Basket.Domain -> D:\Projects\EcommerceSystem\src\Services\Basket\Basket.Domain\bin\Debug\net8.0\Basket.Domain.dll
  Notification.Application -> D:\Projects\EcommerceSystem\src\Services\Notification\Notification.Application\bin\Debug\net8.0\Notification.Application.dll
  Order.Domain -> D:\Projects\EcommerceSystem\src\Services\Order\Order.Domain\bin\Debug\net8.0\Order.Domain.dll
  Notification.Domain -> D:\Projects\EcommerceSystem\src\Services\Notification\Notification.Domain\bin\Debug\net8.0\Notification.Domain.dll
  Notification.Infrastructure -> D:\Projects\EcommerceSystem\src\Services\Notification\Notification.Infrastructure\bin\Debug\net8.0\Notification.Infrastructure.dll
  Product.Application -> D:\Projects\EcommerceSystem\src\Services\Product\Product.Application\bin\Debug\net8.0\Product.Application.dll
CSC : warning CS2002: Source file 'D:\Projects\EcommerceSystem\src\Services\Payment\Payment.Application\obj\Debug\net8.0\Payment.Application.GlobalUsings.g.cs' specified multiple times [D:\Projects\EcommerceSystem\src\Services\Payment\Payment.Application\Payment.Application.csproj]
CSC : warning CS2002: Source file 'D:\Projects\EcommerceSystem\src\Services\Payment\Payment.Application\obj\Debug\net8.0\.NETCoreApp,Version=v8.0.AssemblyAttributes.cs' specified multiple times [D:\Projects\EcommerceSystem\src\Services\Payment\Payment.Application\Payment.Application.csproj]
  Notification.API -> D:\Projects\EcommerceSystem\src\Services\Notification\Notification.API\bin\Debug\net8.0\Notification.API.dll
  Payment.Application -> D:\Projects\EcommerceSystem\src\Services\Payment\Payment.Application\bin\Debug\net8.0\Payment.Application.dll
  Product.Infrastructure -> D:\Projects\EcommerceSystem\src\Services\Product\Product.Infrastructure\bin\Debug\net8.0\Product.Infrastructure.dll
  Inventory.Application -> D:\Projects\EcommerceSystem\src\Services\Inventory\Inventory.Application\bin\Debug\net8.0\Inventory.Application.dll
  Order.Application -> D:\Projects\EcommerceSystem\src\Services\Order\Order.Application\bin\Debug\net8.0\Order.Application.dll
  Basket.Application -> D:\Projects\EcommerceSystem\src\Services\Basket\Basket.Application\bin\Debug\net8.0\Basket.Application.dll
  Identity.Application -> D:\Projects\EcommerceSystem\src\Services\Identity\Identity.Application\bin\Debug\net8.0\Identity.Application.dll
  Product.API -> D:\Projects\EcommerceSystem\src\Services\Product\Product.API\bin\Debug\net8.0\Product.API.dll
  Order.Infrastructure -> D:\Projects\EcommerceSystem\src\Services\Order\Order.Infrastructure\bin\Debug\net8.0\Order.Infrastructure.dll
  Identity.Infrastructure -> D:\Projects\EcommerceSystem\src\Services\Identity\Identity.Infrastructure\bin\Debug\net8.0\Identity.Infrastructure.dll
  Inventory.Infrastructure -> D:\Projects\EcommerceSystem\src\Services\Inventory\Inventory.Infrastructure\bin\Debug\net8.0\Inventory.Infrastructure.dll
  Basket.Infrastructure -> D:\Projects\EcommerceSystem\src\Services\Basket\Basket.Infrastructure\bin\Debug\net8.0\Basket.Infrastructure.dll
  ApiGateway -> D:\Projects\EcommerceSystem\src\Gateway\ApiGateway\bin\Debug\net8.0\ApiGateway.dll
  Payment.Infrastructure -> D:\Projects\EcommerceSystem\src\Services\Payment\Payment.Infrastructure\bin\Debug\net8.0\Payment.Infrastructure.dll
  Basket.API -> D:\Projects\EcommerceSystem\src\Services\Basket\Basket.API\bin\Debug\net8.0\Basket.API.dll
  Inventory.API -> D:\Projects\EcommerceSystem\src\Services\Inventory\Inventory.API\bin\Debug\net8.0\Inventory.API.dll
  Order.API -> D:\Projects\EcommerceSystem\src\Services\Order\Order.API\bin\Debug\net8.0\Order.API.dll
  Identity.API -> D:\Projects\EcommerceSystem\src\Services\Identity\Identity.API\bin\Debug\net8.0\Identity.API.dll
  Payment.API -> D:\Projects\EcommerceSystem\src\Services\Payment\Payment.API\bin\Debug\net8.0\Payment.API.dll

Build succeeded.

CSC : warning CS2002: Source file 'D:\Projects\EcommerceSystem\src\Services\Payment\Payment.Application\obj\Debug\net8.0\Payment.Application.GlobalUsings.g.cs' specified multiple times [D:\Projects\EcommerceSystem\src\Services\Payment\Payment.Application\Payment.Application.csproj]
CSC : warning CS2002: Source file 'D:\Projects\EcommerceSystem\src\Services\Payment\Payment.Application\obj\Debug\net8.0\.NETCoreApp,Version=v8.0.AssemblyAttributes.cs' specified multiple times [D:\Projects\EcommerceSystem\src\Services\Payment\Payment.Application\Payment.Application.csproj]
    2 Warning(s)
    0 Error(s)

Time Elapsed 00:00:04.07
